// Jest Snapshot v1, https://goo.gl/fbAQLP

exports[`Recipe Recipe with props snapshot renders 1`] = `
<div
  id="recipes"
>
  <div
    className="backToTop"
  >
    <a
      href="#top"
      onClick={[Function]}
    >
      <div>
        <img
          alt="Back To Top"
          src="images/up.jpg"
        />
      </div>
      <div>
        Back To Top
      </div>
    </a>
  </div>
  <form>
    <select
      name="recipe-list"
      onChange={[Function]}
    >
      <option
        value=""
      />
      <option
        value="c1"
      >
        === 
        BREAD
         ===
      </option>
      <option
        value="c2"
      >
        === 
        APPETIZER
         ===
      </option>
      <option
        value="c3"
      >
        === 
        DINNER
         ===
      </option>
      <option
        value="c4"
      >
        === 
        SLOW COOKER
         ===
      </option>
      <option
        value="c5"
      >
        === 
        SIDE DISH
         ===
      </option>
      <option
        value="c6"
      >
        === 
        SALAD
         ===
      </option>
      <option
        value="c7"
      >
        === 
        DESSERT
         ===
      </option>
    </select>
  </form>
  <h2
    className="h-recipe-category"
    id="c1"
    style={
      Object {
        "display": "initial",
      }
    }
  >
    bread
  </h2>
  <h2
    className="h-recipe-category"
    id="c2"
    style={
      Object {
        "display": "initial",
      }
    }
  >
    appetizer
  </h2>
  <h2
    className="h-recipe-category"
    id="c3"
    style={
      Object {
        "display": "initial",
      }
    }
  >
    dinner
  </h2>
  <h2
    className="h-recipe-category"
    id="c4"
    style={
      Object {
        "display": "initial",
      }
    }
  >
    slow cooker
  </h2>
  <h2
    className="h-recipe-category"
    id="c5"
    style={
      Object {
        "display": "initial",
      }
    }
  >
    side dish
  </h2>
  <h2
    className="h-recipe-category"
    id="c6"
    style={
      Object {
        "display": "initial",
      }
    }
  >
    salad
  </h2>
  <h2
    className="h-recipe-category"
    id="c7"
    style={
      Object {
        "display": "initial",
      }
    }
  >
    dessert
  </h2>
</div>
`;
