// Jest Snapshot v1, https://goo.gl/fbAQLP

exports[`Menu Menu with props snapshot renders 1`] = `
<div
  className="accordion-menu-wrapper"
  style={
    Object {
      "left": "0px",
      "transform": "translateX(-350px)",
      "transition": "transform 0.5s ease-out 0.0s",
    }
  }
>
  <div
    className="accordion-menu"
  >
    <ul
      className="grid12 clearfix"
    >
      <li>
        <a
          href="./index.html"
        >
          Home
        </a>
      </li>
      <li>
        <a
          href="/resume.html"
        >
          Resume
        </a>
      </li>
      <li>
        <a
          href="./gallery.html?tag=portfolio-all"
        >
          Work Portfolio
        </a>
      </li>
      <li>
        <a
          href="./gallery.html?tag=pixelatedviewsgallery"
        >
          Photo Gallery
        </a>
      </li>
      <li>
        <a
          href="https://blog.pixelated.tech"
        >
          Pixelated Blog
        </a>
      </li>
      <li>
        <a
          href="./socialmedia.html"
        >
          Social Media
        </a>
      </li>
      <li>
        <a
          href="/stkr.html"
        >
          Stkr
        </a>
      </li>
      <li>
        <a
          href="/techjokes.html"
        >
          TechJokes
        </a>
      </li>
      <li>
        <a
          href="./photography.html"
        >
          Photography
        </a>
      </li>
      <li>
        <a
          href="./recipes.html"
        >
          Recipes
        </a>
      </li>
    </ul>
  </div>
</div>
`;
